../Core/Src/main.c:42:6:TFT_WriteCommand	16	static
../Core/Src/main.c:52:6:TFT_WriteData	16	static
../Core/Src/main.c:62:6:TFT_Reset	8	static
../Core/Src/main.c:72:6:TFT_SetWindow	24	static
../Core/Src/main.c:89:6:TFT_DrawPixel	16	static
../Core/Src/main.c:99:6:TFT_FillScreen	24	static
../Core/Src/main.c:111:6:TFT_Init	8	static
../Core/Src/main.c:129:10:Get_Filtered_Temperature	16	static
../Core/Src/main.c:155:6:TFT_DrawDigit	32	static
../Core/Src/main.c:167:6:TFT_DrawNumber	24	static
../Core/Src/main.c:175:6:TFT_DrawGrid	16	static
../Core/Src/main.c:192:5:main	32	static
../Core/Src/main.c:262:6:SystemClock_Config	88	static
../Core/Src/main.c:313:6:Error_Handler	4	static,ignoring_inline_asm
